 
 -------------- jobs_s41@Tehs-Mac-mini.local v5.6.3 (recovery)
--- ***** ----- 
-- ******* ---- macOS-26.5.1-arm64-arm-64bit-Mach-O 2026-09-21 23:55:58
- *** --- * --- 
- ** ---------- [config]
- ** ---------- .> app:         workflows:0x10e1e42f0
- ** ---------- .> transport:   redis://localhost:6379/11
- ** ---------- .> results:     redis://localhost:6379/11
- *** --- * --- .> concurrency: 2 (prefork)
-- ******* ---- .> task events: OFF (enable -E to monitor tasks in this worker)
--- ***** ----- 
 -------------- [queues]
                .> jobs             exchange=jobs(direct) key=jobs
                

[tasks]
  . autocount.etl_sweep
  . autocount.prune_pull_snapshots
  . jobs.run
  . jobs.sweep_orphaned
  . meetings.bot_dispatch_due
  . meetings.calendar_sync_due
  . omnichannel.broadcasts_due
  . omnichannel.wait_sweep
  . ops.ping
  . pending_actions.commit_due
  . status.reevaluate_time_based
  . webhooks.retry_due
  . workflows.run_due
  . workflows.run_workflow
  . workflows.wake_serialized

[2026-09-21 23:55:58,276: INFO/MainProcess] Connected to redis://localhost:6379/11
[2026-09-21 23:55:58,278: INFO/MainProcess] mingle: searching for neighbors
[2026-09-21 23:55:59,285: INFO/MainProcess] mingle: all alone
[2026-09-21 23:55:59,315: INFO/MainProcess] jobs_s41@Tehs-Mac-mini.local ready.
[2026-09-21 23:58:03,985: INFO/MainProcess] Task jobs.run[e6a4cf50-370f-44a5-b98b-97db42bc1203] received
2026-09-21 23:58:04,312 INFO sqlalchemy.engine.Engine select pg_catalog.version()
[2026-09-21 23:58:04,312: INFO/ForkPoolWorker-2] select pg_catalog.version()
2026-09-21 23:58:04,313 INFO sqlalchemy.engine.Engine [raw sql] {}
[2026-09-21 23:58:04,313: INFO/ForkPoolWorker-2] [raw sql] {}
2026-09-21 23:58:04,315 INFO sqlalchemy.engine.Engine select current_schema()
[2026-09-21 23:58:04,315: INFO/ForkPoolWorker-2] select current_schema()
2026-09-21 23:58:04,315 INFO sqlalchemy.engine.Engine [raw sql] {}
[2026-09-21 23:58:04,315: INFO/ForkPoolWorker-2] [raw sql] {}
2026-09-21 23:58:04,316 INFO sqlalchemy.engine.Engine show standard_conforming_strings
[2026-09-21 23:58:04,316: INFO/ForkPoolWorker-2] show standard_conforming_strings
2026-09-21 23:58:04,316 INFO sqlalchemy.engine.Engine [raw sql] {}
[2026-09-21 23:58:04,316: INFO/ForkPoolWorker-2] [raw sql] {}
2026-09-21 23:58:04,317 INFO sqlalchemy.engine.Engine BEGIN (implicit)
[2026-09-21 23:58:04,317: INFO/ForkPoolWorker-2] BEGIN (implicit)
2026-09-21 23:58:04,319 INFO sqlalchemy.engine.Engine SELECT background_jobs.id AS background_jobs_id, background_jobs.tenant_id AS background_jobs_tenant_id, background_jobs.type AS background_jobs_type, background_jobs.status AS background_jobs_status, background_jobs.actor_user_id AS background_jobs_actor_user_id, background_jobs.payload_json AS background_jobs_payload_json, background_jobs.result_json AS background_jobs_result_json, background_jobs.cursor_json AS background_jobs_cursor_json, background_jobs.logs_json AS background_jobs_logs_json, background_jobs.progress_total AS background_jobs_progress_total, background_jobs.progress_done AS background_jobs_progress_done, background_jobs.progress_failed AS background_jobs_progress_failed, background_jobs.error AS background_jobs_error, background_jobs.created_at AS background_jobs_created_at, background_jobs.started_at AS background_jobs_started_at, background_jobs.heartbeat_at AS background_jobs_heartbeat_at, background_jobs.finished_at AS background_jobs_finished_at 
FROM background_jobs 
WHERE background_jobs.id = %(id_1)s 
 LIMIT %(param_1)s
[2026-09-21 23:58:04,319: INFO/ForkPoolWorker-2] SELECT background_jobs.id AS background_jobs_id, background_jobs.tenant_id AS background_jobs_tenant_id, background_jobs.type AS background_jobs_type, background_jobs.status AS background_jobs_status, background_jobs.actor_user_id AS background_jobs_actor_user_id, background_jobs.payload_json AS background_jobs_payload_json, background_jobs.result_json AS background_jobs_result_json, background_jobs.cursor_json AS background_jobs_cursor_json, background_jobs.logs_json AS background_jobs_logs_json, background_jobs.progress_total AS background_jobs_progress_total, background_jobs.progress_done AS background_jobs_progress_done, background_jobs.progress_failed AS background_jobs_progress_failed, background_jobs.error AS background_jobs_error, background_jobs.created_at AS background_jobs_created_at, background_jobs.started_at AS background_jobs_started_at, background_jobs.heartbeat_at AS background_jobs_heartbeat_at, background_jobs.finished_at AS background_jobs_finished_at 
FROM background_jobs 
WHERE background_jobs.id = %(id_1)s 
 LIMIT %(param_1)s
2026-09-21 23:58:04,320 INFO sqlalchemy.engine.Engine [generated in 0.00058s] {'id_1': '954245eb-a4f6-4dbd-9cc4-fee7214ad0e0', 'param_1': 1}
[2026-09-21 23:58:04,320: INFO/ForkPoolWorker-2] [generated in 0.00058s] {'id_1': '954245eb-a4f6-4dbd-9cc4-fee7214ad0e0', 'param_1': 1}
2026-09-21 23:58:04,323 INFO sqlalchemy.engine.Engine UPDATE background_jobs SET status=%(status)s, started_at=%(started_at)s WHERE background_jobs.id = %(id_1)s AND background_jobs.status = %(status_1)s
[2026-09-21 23:58:04,323: INFO/ForkPoolWorker-2] UPDATE background_jobs SET status=%(status)s, started_at=%(started_at)s WHERE background_jobs.id = %(id_1)s AND background_jobs.status = %(status_1)s
2026-09-21 23:58:04,323 INFO sqlalchemy.engine.Engine [generated in 0.00072s] {'status': 'running', 'started_at': datetime.datetime(2026, 9, 21, 15, 58, 4, 322475, tzinfo=datetime.timezone.utc), 'id_1': '954245eb-a4f6-4dbd-9cc4-fee7214ad0e0', 'status_1': 'pending'}
[2026-09-21 23:58:04,323: INFO/ForkPoolWorker-2] [generated in 0.00072s] {'status': 'running', 'started_at': datetime.datetime(2026, 9, 21, 15, 58, 4, 322475, tzinfo=datetime.timezone.utc), 'id_1': '954245eb-a4f6-4dbd-9cc4-fee7214ad0e0', 'status_1': 'pending'}
2026-09-21 23:58:04,325 INFO sqlalchemy.engine.Engine COMMIT
[2026-09-21 23:58:04,325: INFO/ForkPoolWorker-2] COMMIT
2026-09-21 23:58:04,325 INFO sqlalchemy.engine.Engine BEGIN (implicit)
[2026-09-21 23:58:04,325: INFO/ForkPoolWorker-2] BEGIN (implicit)
2026-09-21 23:58:04,326 INFO sqlalchemy.engine.Engine SELECT background_jobs.id AS background_jobs_id, background_jobs.tenant_id AS background_jobs_tenant_id, background_jobs.type AS background_jobs_type, background_jobs.status AS background_jobs_status, background_jobs.actor_user_id AS background_jobs_actor_user_id, background_jobs.payload_json AS background_jobs_payload_json, background_jobs.result_json AS background_jobs_result_json, background_jobs.cursor_json AS background_jobs_cursor_json, background_jobs.logs_json AS background_jobs_logs_json, background_jobs.progress_total AS background_jobs_progress_total, background_jobs.progress_done AS background_jobs_progress_done, background_jobs.progress_failed AS background_jobs_progress_failed, background_jobs.error AS background_jobs_error, background_jobs.created_at AS background_jobs_created_at, background_jobs.started_at AS background_jobs_started_at, background_jobs.heartbeat_at AS background_jobs_heartbeat_at, background_jobs.finished_at AS background_jobs_finished_at 
FROM background_jobs 
WHERE background_jobs.id = %(id_1)s 
 LIMIT %(param_1)s
[2026-09-21 23:58:04,326: INFO/ForkPoolWorker-2] SELECT background_jobs.id AS background_jobs_id, background_jobs.tenant_id AS background_jobs_tenant_id, background_jobs.type AS background_jobs_type, background_jobs.status AS background_jobs_status, background_jobs.actor_user_id AS background_jobs_actor_user_id, background_jobs.payload_json AS background_jobs_payload_json, background_jobs.result_json AS background_jobs_result_json, background_jobs.cursor_json AS background_jobs_cursor_json, background_jobs.logs_json AS background_jobs_logs_json, background_jobs.progress_total AS background_jobs_progress_total, background_jobs.progress_done AS background_jobs_progress_done, background_jobs.progress_failed AS background_jobs_progress_failed, background_jobs.error AS background_jobs_error, background_jobs.created_at AS background_jobs_created_at, background_jobs.started_at AS background_jobs_started_at, background_jobs.heartbeat_at AS background_jobs_heartbeat_at, background_jobs.finished_at AS background_jobs_finished_at 
FROM background_jobs 
WHERE background_jobs.id = %(id_1)s 
 LIMIT %(param_1)s
2026-09-21 23:58:04,326 INFO sqlalchemy.engine.Engine [cached since 0.006509s ago] {'id_1': '954245eb-a4f6-4dbd-9cc4-fee7214ad0e0', 'param_1': 1}
[2026-09-21 23:58:04,326: INFO/ForkPoolWorker-2] [cached since 0.006509s ago] {'id_1': '954245eb-a4f6-4dbd-9cc4-fee7214ad0e0', 'param_1': 1}
2026-09-21 23:58:04,327 INFO sqlalchemy.engine.Engine SELECT connections.id AS connections_id, connections.tenant_id AS connections_tenant_id, connections.provider AS connections_provider, connections.type AS connections_type, connections.name AS connections_name, connections.config_json AS connections_config_json, connections.credentials_json AS connections_credentials_json, connections.status AS connections_status, connections.is_active AS connections_is_active, connections.last_tested_at AS connections_last_tested_at, connections.last_error AS connections_last_error, connections.rate_limit_per_minute AS connections_rate_limit_per_minute, connections.created_at AS connections_created_at, connections.updated_at AS connections_updated_at 
FROM connections 
WHERE connections.tenant_id = %(tenant_id_1)s AND connections.id = %(id_1)s AND connections.provider = %(provider_1)s 
 LIMIT %(param_1)s
[2026-09-21 23:58:04,327: INFO/ForkPoolWorker-2] SELECT connections.id AS connections_id, connections.tenant_id AS connections_tenant_id, connections.provider AS connections_provider, connections.type AS connections_type, connections.name AS connections_name, connections.config_json AS connections_config_json, connections.credentials_json AS connections_credentials_json, connections.status AS connections_status, connections.is_active AS connections_is_active, connections.last_tested_at AS connections_last_tested_at, connections.last_error AS connections_last_error, connections.rate_limit_per_minute AS connections_rate_limit_per_minute, connections.created_at AS connections_created_at, connections.updated_at AS connections_updated_at 
FROM connections 
WHERE connections.tenant_id = %(tenant_id_1)s AND connections.id = %(id_1)s AND connections.provider = %(provider_1)s 
 LIMIT %(param_1)s
2026-09-21 23:58:04,327 INFO sqlalchemy.engine.Engine [generated in 0.00020s] {'tenant_id_1': '00000000-0000-0000-0000-000000000001', 'id_1': '698813e4-0479-4d5a-a9c3-0b4d33e0ce20', 'provider_1': 'autocount', 'param_1': 1}
[2026-09-21 23:58:04,327: INFO/ForkPoolWorker-2] [generated in 0.00020s] {'tenant_id_1': '00000000-0000-0000-0000-000000000001', 'id_1': '698813e4-0479-4d5a-a9c3-0b4d33e0ce20', 'provider_1': 'autocount', 'param_1': 1}
2026-09-21 23:58:04,328 INFO sqlalchemy.engine.Engine SELECT connections.id AS connections_id, connections.tenant_id AS connections_tenant_id, connections.provider AS connections_provider, connections.type AS connections_type, connections.name AS connections_name, connections.config_json AS connections_config_json, connections.credentials_json AS connections_credentials_json, connections.status AS connections_status, connections.is_active AS connections_is_active, connections.last_tested_at AS connections_last_tested_at, connections.last_error AS connections_last_error, connections.rate_limit_per_minute AS connections_rate_limit_per_minute, connections.created_at AS connections_created_at, connections.updated_at AS connections_updated_at 
FROM connections 
WHERE connections.tenant_id = %(tenant_id_1)s AND connections.id = %(id_1)s AND connections.provider = %(provider_1)s 
 LIMIT %(param_1)s
[2026-09-21 23:58:04,328: INFO/ForkPoolWorker-2] SELECT connections.id AS connections_id, connections.tenant_id AS connections_tenant_id, connections.provider AS connections_provider, connections.type AS connections_type, connections.name AS connections_name, connections.config_json AS connections_config_json, connections.credentials_json AS connections_credentials_json, connections.status AS connections_status, connections.is_active AS connections_is_active, connections.last_tested_at AS connections_last_tested_at, connections.last_error AS connections_last_error, connections.rate_limit_per_minute AS connections_rate_limit_per_minute, connections.created_at AS connections_created_at, connections.updated_at AS connections_updated_at 
FROM connections 
WHERE connections.tenant_id = %(tenant_id_1)s AND connections.id = %(id_1)s AND connections.provider = %(provider_1)s 
 LIMIT %(param_1)s
2026-09-21 23:58:04,328 INFO sqlalchemy.engine.Engine [cached since 0.001423s ago] {'tenant_id_1': '00000000-0000-0000-0000-000000000001', 'id_1': '698813e4-0479-4d5a-a9c3-0b4d33e0ce20', 'provider_1': 'autocount', 'param_1': 1}
[2026-09-21 23:58:04,328: INFO/ForkPoolWorker-2] [cached since 0.001423s ago] {'tenant_id_1': '00000000-0000-0000-0000-000000000001', 'id_1': '698813e4-0479-4d5a-a9c3-0b4d33e0ce20', 'provider_1': 'autocount', 'param_1': 1}
2026-09-21 23:58:04,333 INFO sqlalchemy.engine.Engine BEGIN (implicit)
[2026-09-21 23:58:04,333: INFO/ForkPoolWorker-2] BEGIN (implicit)
2026-09-21 23:58:04,333 INFO sqlalchemy.engine.Engine SELECT background_jobs.cursor_json 
FROM background_jobs 
WHERE background_jobs.id = %(id_1)s
[2026-09-21 23:58:04,333: INFO/ForkPoolWorker-2] SELECT background_jobs.cursor_json 
FROM background_jobs 
WHERE background_jobs.id = %(id_1)s
2026-09-21 23:58:04,333 INFO sqlalchemy.engine.Engine [generated in 0.00021s] {'id_1': '954245eb-a4f6-4dbd-9cc4-fee7214ad0e0'}
[2026-09-21 23:58:04,333: INFO/ForkPoolWorker-2] [generated in 0.00021s] {'id_1': '954245eb-a4f6-4dbd-9cc4-fee7214ad0e0'}
2026-09-21 23:58:04,336 INFO sqlalchemy.engine.Engine UPDATE background_jobs SET cursor_json=%(cursor_json)s::JSON, progress_done=%(progress_done)s, heartbeat_at=%(heartbeat_at)s WHERE background_jobs.id = (SELECT background_jobs.id 
FROM background_jobs 
WHERE background_jobs.id = %(id_1)s AND background_jobs.status = %(status_1)s FOR UPDATE SKIP LOCKED)
[2026-09-21 23:58:04,336: INFO/ForkPoolWorker-2] UPDATE background_jobs SET cursor_json=%(cursor_json)s::JSON, progress_done=%(progress_done)s, heartbeat_at=%(heartbeat_at)s WHERE background_jobs.id = (SELECT background_jobs.id 
FROM background_jobs 
WHERE background_jobs.id = %(id_1)s AND background_jobs.status = %(status_1)s FOR UPDATE SKIP LOCKED)
2026-09-21 23:58:04,337 INFO sqlalchemy.engine.Engine [generated in 0.00031s] {'cursor_json': '{"stage": "source"}', 'progress_done': 1, 'heartbeat_at': datetime.datetime(2026, 9, 21, 15, 58, 4, 336153, tzinfo=datetime.timezone.utc), 'id_1': '954245eb-a4f6-4dbd-9cc4-fee7214ad0e0', 'status_1': 'running'}
[2026-09-21 23:58:04,337: INFO/ForkPoolWorker-2] [generated in 0.00031s] {'cursor_json': '{"stage": "source"}', 'progress_done': 1, 'heartbeat_at': datetime.datetime(2026, 9, 21, 15, 58, 4, 336153, tzinfo=datetime.timezone.utc), 'id_1': '954245eb-a4f6-4dbd-9cc4-fee7214ad0e0', 'status_1': 'running'}
2026-09-21 23:58:04,337 INFO sqlalchemy.engine.Engine COMMIT
[2026-09-21 23:58:04,337: INFO/ForkPoolWorker-2] COMMIT
[2026-09-21 23:58:05,349: INFO/ForkPoolWorker-2] HTTP Request: GET https://hapi.sorento.cc.cd/api/db1/itembypage?page=1&pageSize=50 "HTTP/1.1 200 OK"
2026-09-21 23:58:05,359 INFO sqlalchemy.engine.Engine BEGIN (implicit)
[2026-09-21 23:58:05,359: INFO/ForkPoolWorker-2] BEGIN (implicit)
2026-09-21 23:58:05,359 INFO sqlalchemy.engine.Engine SELECT background_jobs.cursor_json 
FROM background_jobs 
WHERE background_jobs.id = %(id_1)s
[2026-09-21 23:58:05,359: INFO/ForkPoolWorker-2] SELECT background_jobs.cursor_json 
FROM background_jobs 
WHERE background_jobs.id = %(id_1)s
2026-09-21 23:58:05,360 INFO sqlalchemy.engine.Engine [cached since 1.026s ago] {'id_1': '954245eb-a4f6-4dbd-9cc4-fee7214ad0e0'}
[2026-09-21 23:58:05,360: INFO/ForkPoolWorker-2] [cached since 1.026s ago] {'id_1': '954245eb-a4f6-4dbd-9cc4-fee7214ad0e0'}
2026-09-21 23:58:05,360 INFO sqlalchemy.engine.Engine UPDATE background_jobs SET cursor_json=%(cursor_json)s::JSON, progress_done=%(progress_done)s, heartbeat_at=%(heartbeat_at)s WHERE background_jobs.id = (SELECT background_jobs.id 
FROM background_jobs 
WHERE background_jobs.id = %(id_1)s AND background_jobs.status = %(status_1)s FOR UPDATE SKIP LOCKED)
[2026-09-21 23:58:05,360: INFO/ForkPoolWorker-2] UPDATE background_jobs SET cursor_json=%(cursor_json)s::JSON, progress_done=%(progress_done)s, heartbeat_at=%(heartbeat_at)s WHERE background_jobs.id = (SELECT background_jobs.id 
FROM background_jobs 
WHERE background_jobs.id = %(id_1)s AND background_jobs.status = %(status_1)s FOR UPDATE SKIP LOCKED)
2026-09-21 23:58:05,361 INFO sqlalchemy.engine.Engine [cached since 1.024s ago] {'cursor_json': '{"stage": "lookup:uom"}', 'progress_done': 1, 'heartbeat_at': datetime.datetime(2026, 9, 21, 15, 58, 5, 360692, tzinfo=datetime.timezone.utc), 'id_1': '954245eb-a4f6-4dbd-9cc4-fee7214ad0e0', 'status_1': 'running'}
[2026-09-21 23:58:05,361: INFO/ForkPoolWorker-2] [cached since 1.024s ago] {'cursor_json': '{"stage": "lookup:uom"}', 'progress_done': 1, 'heartbeat_at': datetime.datetime(2026, 9, 21, 15, 58, 5, 360692, tzinfo=datetime.timezone.utc), 'id_1': '954245eb-a4f6-4dbd-9cc4-fee7214ad0e0', 'status_1': 'running'}
2026-09-21 23:58:05,361 INFO sqlalchemy.engine.Engine COMMIT
[2026-09-21 23:58:05,361: INFO/ForkPoolWorker-2] COMMIT
[2026-09-21 23:58:05,489: INFO/ForkPoolWorker-2] HTTP Request: GET https://hapi.sorento.cc.cd/api/db1/itemuombypage?page=1&pageSize=50 "HTTP/1.1 200 OK"
2026-09-21 23:58:05,493 INFO sqlalchemy.engine.Engine SELECT app_autocount.ac_company.id AS app_autocount_ac_company_id, app_autocount.ac_company.tenant_id AS app_autocount_ac_company_tenant_id, app_autocount.ac_company.connection_id AS app_autocount_ac_company_connection_id, app_autocount.ac_company.database_name AS app_autocount_ac_company_database_name, app_autocount.ac_company.company_name AS app_autocount_ac_company_company_name, app_autocount.ac_company.name AS app_autocount_ac_company_name, app_autocount.ac_company.is_active AS app_autocount_ac_company_is_active, app_autocount.ac_company.sink_impl AS app_autocount_ac_company_sink_impl, app_autocount.ac_company.sink_connection_id AS app_autocount_ac_company_sink_connection_id, app_autocount.ac_company.sorento_company_code AS app_autocount_ac_company_sorento_company_code, app_autocount.ac_company.created_at AS app_autocount_ac_company_created_at, app_autocount.ac_company.updated_at AS app_autocount_ac_company_updated_at 
FROM app_autocount.ac_company 
WHERE app_autocount.ac_company.tenant_id = %(tenant_id_1)s AND app_autocount.ac_company.id = %(id_1)s 
 LIMIT %(param_1)s
[2026-09-21 23:58:05,493: INFO/ForkPoolWorker-2] SELECT app_autocount.ac_company.id AS app_autocount_ac_company_id, app_autocount.ac_company.tenant_id AS app_autocount_ac_company_tenant_id, app_autocount.ac_company.connection_id AS app_autocount_ac_company_connection_id, app_autocount.ac_company.database_name AS app_autocount_ac_company_database_name, app_autocount.ac_company.company_name AS app_autocount_ac_company_company_name, app_autocount.ac_company.name AS app_autocount_ac_company_name, app_autocount.ac_company.is_active AS app_autocount_ac_company_is_active, app_autocount.ac_company.sink_impl AS app_autocount_ac_company_sink_impl, app_autocount.ac_company.sink_connection_id AS app_autocount_ac_company_sink_connection_id, app_autocount.ac_company.sorento_company_code AS app_autocount_ac_company_sorento_company_code, app_autocount.ac_company.created_at AS app_autocount_ac_company_created_at, app_autocount.ac_company.updated_at AS app_autocount_ac_company_updated_at 
FROM app_autocount.ac_company 
WHERE app_autocount.ac_company.tenant_id = %(tenant_id_1)s AND app_autocount.ac_company.id = %(id_1)s 
 LIMIT %(param_1)s
2026-09-21 23:58:05,494 INFO sqlalchemy.engine.Engine [generated in 0.00030s] {'tenant_id_1': '00000000-0000-0000-0000-000000000001', 'id_1': '228f0f18-1ca3-4ee8-874d-83789cf560f0', 'param_1': 1}
[2026-09-21 23:58:05,494: INFO/ForkPoolWorker-2] [generated in 0.00030s] {'tenant_id_1': '00000000-0000-0000-0000-000000000001', 'id_1': '228f0f18-1ca3-4ee8-874d-83789cf560f0', 'param_1': 1}
2026-09-21 23:58:05,496 INFO sqlalchemy.engine.Engine SELECT app_autocount.ac_entity_config.id AS app_autocount_ac_entity_config_id, app_autocount.ac_entity_config.tenant_id AS app_autocount_ac_entity_config_tenant_id, app_autocount.ac_entity_config.company_id AS app_autocount_ac_entity_config_company_id, app_autocount.ac_entity_config.entity_type AS app_autocount_ac_entity_config_entity_type, app_autocount.ac_entity_config.sync_mode AS app_autocount_ac_entity_config_sync_mode, app_autocount.ac_entity_config.source_impl AS app_autocount_ac_entity_config_source_impl, app_autocount.ac_entity_config.envelope AS app_autocount_ac_entity_config_envelope, app_autocount.ac_entity_config.initial_load AS app_autocount_ac_entity_config_initial_load, app_autocount.ac_entity_config.record_cap AS app_autocount_ac_entity_config_record_cap, app_autocount.ac_entity_config.initial_lookback_days AS app_autocount_ac_entity_config_initial_lookback_days, app_autocount.ac_entity_config.enabled AS app_autocount_ac_entity_config_enabled, app_autocount.ac_entity_config.delivery_mode AS app_autocount_ac_entity_config_delivery_mode, app_autocount.ac_entity_config.source_config AS app_autocount_ac_entity_config_source_config, app_autocount.ac_entity_config.etl_status AS app_autocount_ac_entity_config_etl_status, app_autocount.ac_entity_config.activated_at AS app_autocount_ac_entity_config_activated_at, app_autocount.ac_entity_config.next_incremental_at AS app_autocount_ac_entity_config_next_incremental_at, app_autocount.ac_entity_config.next_reconcile_at AS app_autocount_ac_entity_config_next_reconcile_at, app_autocount.ac_entity_config.last_run_error AS app_autocount_ac_entity_config_last_run_error, app_autocount.ac_entity_config.last_run_error_code AS app_autocount_ac_entity_config_last_run_error_code, app_autocount.ac_entity_config.result_columns AS app_autocount_ac_entity_config_result_columns, app_autocount.ac_entity_config.line_result_columns AS app_autocount_ac_entity_config_line_result_columns, app_autocount.ac_entity_config.last_preview_at AS app_autocount_ac_entity_config_last_preview_at, app_autocount.ac_entity_config.last_preview_failed_count AS app_autocount_ac_entity_config_last_preview_failed_count, app_autocount.ac_entity_config.last_run_at AS app_autocount_ac_entity_config_last_run_at, app_autocount.ac_entity_config.preview_job_id AS app_autocount_ac_entity_config_preview_job_id, app_autocount.ac_entity_config.created_at AS app_autocount_ac_entity_config_created_at, app_autocount.ac_entity_config.updated_at AS app_autocount_ac_entity_config_updated_at 
FROM app_autocount.ac_entity_config 
WHERE app_autocount.ac_entity_config.tenant_id = %(tenant_id_1)s AND app_autocount.ac_entity_config.company_id = %(company_id_1)s AND app_autocount.ac_entity_config.entity_type = %(entity_type_1)s 
 LIMIT %(param_1)s
[2026-09-21 23:58:05,496: INFO/ForkPoolWorker-2] SELECT app_autocount.ac_entity_config.id AS app_autocount_ac_entity_config_id, app_autocount.ac_entity_config.tenant_id AS app_autocount_ac_entity_config_tenant_id, app_autocount.ac_entity_config.company_id AS app_autocount_ac_entity_config_company_id, app_autocount.ac_entity_config.entity_type AS app_autocount_ac_entity_config_entity_type, app_autocount.ac_entity_config.sync_mode AS app_autocount_ac_entity_config_sync_mode, app_autocount.ac_entity_config.source_impl AS app_autocount_ac_entity_config_source_impl, app_autocount.ac_entity_config.envelope AS app_autocount_ac_entity_config_envelope, app_autocount.ac_entity_config.initial_load AS app_autocount_ac_entity_config_initial_load, app_autocount.ac_entity_config.record_cap AS app_autocount_ac_entity_config_record_cap, app_autocount.ac_entity_config.initial_lookback_days AS app_autocount_ac_entity_config_initial_lookback_days, app_autocount.ac_entity_config.enabled AS app_autocount_ac_entity_config_enabled, app_autocount.ac_entity_config.delivery_mode AS app_autocount_ac_entity_config_delivery_mode, app_autocount.ac_entity_config.source_config AS app_autocount_ac_entity_config_source_config, app_autocount.ac_entity_config.etl_status AS app_autocount_ac_entity_config_etl_status, app_autocount.ac_entity_config.activated_at AS app_autocount_ac_entity_config_activated_at, app_autocount.ac_entity_config.next_incremental_at AS app_autocount_ac_entity_config_next_incremental_at, app_autocount.ac_entity_config.next_reconcile_at AS app_autocount_ac_entity_config_next_reconcile_at, app_autocount.ac_entity_config.last_run_error AS app_autocount_ac_entity_config_last_run_error, app_autocount.ac_entity_config.last_run_error_code AS app_autocount_ac_entity_config_last_run_error_code, app_autocount.ac_entity_config.result_columns AS app_autocount_ac_entity_config_result_columns, app_autocount.ac_entity_config.line_result_columns AS app_autocount_ac_entity_config_line_result_columns, app_autocount.ac_entity_config.last_preview_at AS app_autocount_ac_entity_config_last_preview_at, app_autocount.ac_entity_config.last_preview_failed_count AS app_autocount_ac_entity_config_last_preview_failed_count, app_autocount.ac_entity_config.last_run_at AS app_autocount_ac_entity_config_last_run_at, app_autocount.ac_entity_config.preview_job_id AS app_autocount_ac_entity_config_preview_job_id, app_autocount.ac_entity_config.created_at AS app_autocount_ac_entity_config_created_at, app_autocount.ac_entity_config.updated_at AS app_autocount_ac_entity_config_updated_at 
FROM app_autocount.ac_entity_config 
WHERE app_autocount.ac_entity_config.tenant_id = %(tenant_id_1)s AND app_autocount.ac_entity_config.company_id = %(company_id_1)s AND app_autocount.ac_entity_config.entity_type = %(entity_type_1)s 
 LIMIT %(param_1)s
2026-09-21 23:58:05,496 INFO sqlalchemy.engine.Engine [generated in 0.00028s] {'tenant_id_1': '00000000-0000-0000-0000-000000000001', 'company_id_1': '228f0f18-1ca3-4ee8-874d-83789cf560f0', 'entity_type_1': 'product', 'param_1': 1}
[2026-09-21 23:58:05,496: INFO/ForkPoolWorker-2] [generated in 0.00028s] {'tenant_id_1': '00000000-0000-0000-0000-000000000001', 'company_id_1': '228f0f18-1ca3-4ee8-874d-83789cf560f0', 'entity_type_1': 'product', 'param_1': 1}
2026-09-21 23:58:05,498 INFO sqlalchemy.engine.Engine UPDATE app_autocount.ac_entity_config SET last_preview_at=%(last_preview_at)s, updated_at=now() WHERE app_autocount.ac_entity_config.id = %(app_autocount_ac_entity_config_id)s
[2026-09-21 23:58:05,498: INFO/ForkPoolWorker-2] UPDATE app_autocount.ac_entity_config SET last_preview_at=%(last_preview_at)s, updated_at=now() WHERE app_autocount.ac_entity_config.id = %(app_autocount_ac_entity_config_id)s
2026-09-21 23:58:05,499 INFO sqlalchemy.engine.Engine [generated in 0.00031s] {'last_preview_at': datetime.datetime(2026, 9, 21, 15, 58, 5, 498326, tzinfo=datetime.timezone.utc), 'app_autocount_ac_entity_config_id': 'd14a8dff-506a-4d7b-b029-6a96d2272b41'}
[2026-09-21 23:58:05,499: INFO/ForkPoolWorker-2] [generated in 0.00031s] {'last_preview_at': datetime.datetime(2026, 9, 21, 15, 58, 5, 498326, tzinfo=datetime.timezone.utc), 'app_autocount_ac_entity_config_id': 'd14a8dff-506a-4d7b-b029-6a96d2272b41'}
2026-09-21 23:58:05,499 INFO sqlalchemy.engine.Engine COMMIT
[2026-09-21 23:58:05,499: INFO/ForkPoolWorker-2] COMMIT
2026-09-21 23:58:05,500 INFO sqlalchemy.engine.Engine BEGIN (implicit)
[2026-09-21 23:58:05,500: INFO/ForkPoolWorker-2] BEGIN (implicit)
2026-09-21 23:58:05,501 INFO sqlalchemy.engine.Engine SELECT app_autocount.ac_entity_config.id AS app_autocount_ac_entity_config_id, app_autocount.ac_entity_config.tenant_id AS app_autocount_ac_entity_config_tenant_id, app_autocount.ac_entity_config.company_id AS app_autocount_ac_entity_config_company_id, app_autocount.ac_entity_config.entity_type AS app_autocount_ac_entity_config_entity_type, app_autocount.ac_entity_config.sync_mode AS app_autocount_ac_entity_config_sync_mode, app_autocount.ac_entity_config.source_impl AS app_autocount_ac_entity_config_source_impl, app_autocount.ac_entity_config.envelope AS app_autocount_ac_entity_config_envelope, app_autocount.ac_entity_config.initial_load AS app_autocount_ac_entity_config_initial_load, app_autocount.ac_entity_config.record_cap AS app_autocount_ac_entity_config_record_cap, app_autocount.ac_entity_config.initial_lookback_days AS app_autocount_ac_entity_config_initial_lookback_days, app_autocount.ac_entity_config.enabled AS app_autocount_ac_entity_config_enabled, app_autocount.ac_entity_config.delivery_mode AS app_autocount_ac_entity_config_delivery_mode, app_autocount.ac_entity_config.source_config AS app_autocount_ac_entity_config_source_config, app_autocount.ac_entity_config.etl_status AS app_autocount_ac_entity_config_etl_status, app_autocount.ac_entity_config.activated_at AS app_autocount_ac_entity_config_activated_at, app_autocount.ac_entity_config.next_incremental_at AS app_autocount_ac_entity_config_next_incremental_at, app_autocount.ac_entity_config.next_reconcile_at AS app_autocount_ac_entity_config_next_reconcile_at, app_autocount.ac_entity_config.last_run_error AS app_autocount_ac_entity_config_last_run_error, app_autocount.ac_entity_config.last_run_error_code AS app_autocount_ac_entity_config_last_run_error_code, app_autocount.ac_entity_config.result_columns AS app_autocount_ac_entity_config_result_columns, app_autocount.ac_entity_config.line_result_columns AS app_autocount_ac_entity_config_line_result_columns, app_autocount.ac_entity_config.last_preview_at AS app_autocount_ac_entity_config_last_preview_at, app_autocount.ac_entity_config.last_preview_failed_count AS app_autocount_ac_entity_config_last_preview_failed_count, app_autocount.ac_entity_config.last_run_at AS app_autocount_ac_entity_config_last_run_at, app_autocount.ac_entity_config.preview_job_id AS app_autocount_ac_entity_config_preview_job_id, app_autocount.ac_entity_config.created_at AS app_autocount_ac_entity_config_created_at, app_autocount.ac_entity_config.updated_at AS app_autocount_ac_entity_config_updated_at 
FROM app_autocount.ac_entity_config 
WHERE app_autocount.ac_entity_config.id = %(pk_1)s
[2026-09-21 23:58:05,501: INFO/ForkPoolWorker-2] SELECT app_autocount.ac_entity_config.id AS app_autocount_ac_entity_config_id, app_autocount.ac_entity_config.tenant_id AS app_autocount_ac_entity_config_tenant_id, app_autocount.ac_entity_config.company_id AS app_autocount_ac_entity_config_company_id, app_autocount.ac_entity_config.entity_type AS app_autocount_ac_entity_config_entity_type, app_autocount.ac_entity_config.sync_mode AS app_autocount_ac_entity_config_sync_mode, app_autocount.ac_entity_config.source_impl AS app_autocount_ac_entity_config_source_impl, app_autocount.ac_entity_config.envelope AS app_autocount_ac_entity_config_envelope, app_autocount.ac_entity_config.initial_load AS app_autocount_ac_entity_config_initial_load, app_autocount.ac_entity_config.record_cap AS app_autocount_ac_entity_config_record_cap, app_autocount.ac_entity_config.initial_lookback_days AS app_autocount_ac_entity_config_initial_lookback_days, app_autocount.ac_entity_config.enabled AS app_autocount_ac_entity_config_enabled, app_autocount.ac_entity_config.delivery_mode AS app_autocount_ac_entity_config_delivery_mode, app_autocount.ac_entity_config.source_config AS app_autocount_ac_entity_config_source_config, app_autocount.ac_entity_config.etl_status AS app_autocount_ac_entity_config_etl_status, app_autocount.ac_entity_config.activated_at AS app_autocount_ac_entity_config_activated_at, app_autocount.ac_entity_config.next_incremental_at AS app_autocount_ac_entity_config_next_incremental_at, app_autocount.ac_entity_config.next_reconcile_at AS app_autocount_ac_entity_config_next_reconcile_at, app_autocount.ac_entity_config.last_run_error AS app_autocount_ac_entity_config_last_run_error, app_autocount.ac_entity_config.last_run_error_code AS app_autocount_ac_entity_config_last_run_error_code, app_autocount.ac_entity_config.result_columns AS app_autocount_ac_entity_config_result_columns, app_autocount.ac_entity_config.line_result_columns AS app_autocount_ac_entity_config_line_result_columns, app_autocount.ac_entity_config.last_preview_at AS app_autocount_ac_entity_config_last_preview_at, app_autocount.ac_entity_config.last_preview_failed_count AS app_autocount_ac_entity_config_last_preview_failed_count, app_autocount.ac_entity_config.last_run_at AS app_autocount_ac_entity_config_last_run_at, app_autocount.ac_entity_config.preview_job_id AS app_autocount_ac_entity_config_preview_job_id, app_autocount.ac_entity_config.created_at AS app_autocount_ac_entity_config_created_at, app_autocount.ac_entity_config.updated_at AS app_autocount_ac_entity_config_updated_at 
FROM app_autocount.ac_entity_config 
WHERE app_autocount.ac_entity_config.id = %(pk_1)s
2026-09-21 23:58:05,501 INFO sqlalchemy.engine.Engine [generated in 0.00021s] {'pk_1': 'd14a8dff-506a-4d7b-b029-6a96d2272b41'}
[2026-09-21 23:58:05,501: INFO/ForkPoolWorker-2] [generated in 0.00021s] {'pk_1': 'd14a8dff-506a-4d7b-b029-6a96d2272b41'}
2026-09-21 23:58:05,503 INFO sqlalchemy.engine.Engine SELECT app_autocount.ac_watermark.id AS app_autocount_ac_watermark_id, app_autocount.ac_watermark.tenant_id AS app_autocount_ac_watermark_tenant_id, app_autocount.ac_watermark.company_id AS app_autocount_ac_watermark_company_id, app_autocount.ac_watermark.entity_type AS app_autocount_ac_watermark_entity_type, app_autocount.ac_watermark.last_modified_at AS app_autocount_ac_watermark_last_modified_at, app_autocount.ac_watermark.cursor_json AS app_autocount_ac_watermark_cursor_json, app_autocount.ac_watermark.last_success_at AS app_autocount_ac_watermark_last_success_at, app_autocount.ac_watermark.last_attempt_at AS app_autocount_ac_watermark_last_attempt_at, app_autocount.ac_watermark.consecutive_failures AS app_autocount_ac_watermark_consecutive_failures, app_autocount.ac_watermark.last_error AS app_autocount_ac_watermark_last_error, app_autocount.ac_watermark.last_fingerprint_sweep_at AS app_autocount_ac_watermark_last_fingerprint_sweep_at, app_autocount.ac_watermark.created_at AS app_autocount_ac_watermark_created_at, app_autocount.ac_watermark.updated_at AS app_autocount_ac_watermark_updated_at 
FROM app_autocount.ac_watermark 
WHERE app_autocount.ac_watermark.tenant_id = %(tenant_id_1)s AND app_autocount.ac_watermark.company_id = %(company_id_1)s AND app_autocount.ac_watermark.entity_type = %(entity_type_1)s 
 LIMIT %(param_1)s
[2026-09-21 23:58:05,503: INFO/ForkPoolWorker-2] SELECT app_autocount.ac_watermark.id AS app_autocount_ac_watermark_id, app_autocount.ac_watermark.tenant_id AS app_autocount_ac_watermark_tenant_id, app_autocount.ac_watermark.company_id AS app_autocount_ac_watermark_company_id, app_autocount.ac_watermark.entity_type AS app_autocount_ac_watermark_entity_type, app_autocount.ac_watermark.last_modified_at AS app_autocount_ac_watermark_last_modified_at, app_autocount.ac_watermark.cursor_json AS app_autocount_ac_watermark_cursor_json, app_autocount.ac_watermark.last_success_at AS app_autocount_ac_watermark_last_success_at, app_autocount.ac_watermark.last_attempt_at AS app_autocount_ac_watermark_last_attempt_at, app_autocount.ac_watermark.consecutive_failures AS app_autocount_ac_watermark_consecutive_failures, app_autocount.ac_watermark.last_error AS app_autocount_ac_watermark_last_error, app_autocount.ac_watermark.last_fingerprint_sweep_at AS app_autocount_ac_watermark_last_fingerprint_sweep_at, app_autocount.ac_watermark.created_at AS app_autocount_ac_watermark_created_at, app_autocount.ac_watermark.updated_at AS app_autocount_ac_watermark_updated_at 
FROM app_autocount.ac_watermark 
WHERE app_autocount.ac_watermark.tenant_id = %(tenant_id_1)s AND app_autocount.ac_watermark.company_id = %(company_id_1)s AND app_autocount.ac_watermark.entity_type = %(entity_type_1)s 
 LIMIT %(param_1)s
2026-09-21 23:58:05,503 INFO sqlalchemy.engine.Engine [generated in 0.00022s] {'tenant_id_1': '00000000-0000-0000-0000-000000000001', 'company_id_1': '228f0f18-1ca3-4ee8-874d-83789cf560f0', 'entity_type_1': 'product', 'param_1': 1}
[2026-09-21 23:58:05,503: INFO/ForkPoolWorker-2] [generated in 0.00022s] {'tenant_id_1': '00000000-0000-0000-0000-000000000001', 'company_id_1': '228f0f18-1ca3-4ee8-874d-83789cf560f0', 'entity_type_1': 'product', 'param_1': 1}
2026-09-21 23:58:05,504 INFO sqlalchemy.engine.Engine SELECT app_autocount.ac_company.id AS app_autocount_ac_company_id, app_autocount.ac_company.tenant_id AS app_autocount_ac_company_tenant_id, app_autocount.ac_company.connection_id AS app_autocount_ac_company_connection_id, app_autocount.ac_company.database_name AS app_autocount_ac_company_database_name, app_autocount.ac_company.company_name AS app_autocount_ac_company_company_name, app_autocount.ac_company.name AS app_autocount_ac_company_name, app_autocount.ac_company.is_active AS app_autocount_ac_company_is_active, app_autocount.ac_company.sink_impl AS app_autocount_ac_company_sink_impl, app_autocount.ac_company.sink_connection_id AS app_autocount_ac_company_sink_connection_id, app_autocount.ac_company.sorento_company_code AS app_autocount_ac_company_sorento_company_code, app_autocount.ac_company.created_at AS app_autocount_ac_company_created_at, app_autocount.ac_company.updated_at AS app_autocount_ac_company_updated_at 
FROM app_autocount.ac_company 
WHERE app_autocount.ac_company.tenant_id = %(tenant_id_1)s AND app_autocount.ac_company.id = %(id_1)s 
 LIMIT %(param_1)s
[2026-09-21 23:58:05,504: INFO/ForkPoolWorker-2] SELECT app_autocount.ac_company.id AS app_autocount_ac_company_id, app_autocount.ac_company.tenant_id AS app_autocount_ac_company_tenant_id, app_autocount.ac_company.connection_id AS app_autocount_ac_company_connection_id, app_autocount.ac_company.database_name AS app_autocount_ac_company_database_name, app_autocount.ac_company.company_name AS app_autocount_ac_company_company_name, app_autocount.ac_company.name AS app_autocount_ac_company_name, app_autocount.ac_company.is_active AS app_autocount_ac_company_is_active, app_autocount.ac_company.sink_impl AS app_autocount_ac_company_sink_impl, app_autocount.ac_company.sink_connection_id AS app_autocount_ac_company_sink_connection_id, app_autocount.ac_company.sorento_company_code AS app_autocount_ac_company_sorento_company_code, app_autocount.ac_company.created_at AS app_autocount_ac_company_created_at, app_autocount.ac_company.updated_at AS app_autocount_ac_company_updated_at 
FROM app_autocount.ac_company 
WHERE app_autocount.ac_company.tenant_id = %(tenant_id_1)s AND app_autocount.ac_company.id = %(id_1)s 
 LIMIT %(param_1)s
2026-09-21 23:58:05,504 INFO sqlalchemy.engine.Engine [cached since 0.01073s ago] {'tenant_id_1': '00000000-0000-0000-0000-000000000001', 'id_1': '228f0f18-1ca3-4ee8-874d-83789cf560f0', 'param_1': 1}
[2026-09-21 23:58:05,504: INFO/ForkPoolWorker-2] [cached since 0.01073s ago] {'tenant_id_1': '00000000-0000-0000-0000-000000000001', 'id_1': '228f0f18-1ca3-4ee8-874d-83789cf560f0', 'param_1': 1}
2026-09-21 23:58:05,505 INFO sqlalchemy.engine.Engine SELECT background_jobs.status AS background_jobs_status 
FROM background_jobs 
WHERE background_jobs.id = %(id_1)s
[2026-09-21 23:58:05,505: INFO/ForkPoolWorker-2] SELECT background_jobs.status AS background_jobs_status 
FROM background_jobs 
WHERE background_jobs.id = %(id_1)s
2026-09-21 23:58:05,506 INFO sqlalchemy.engine.Engine [generated in 0.00020s] {'id_1': '954245eb-a4f6-4dbd-9cc4-fee7214ad0e0'}
[2026-09-21 23:58:05,506: INFO/ForkPoolWorker-2] [generated in 0.00020s] {'id_1': '954245eb-a4f6-4dbd-9cc4-fee7214ad0e0'}
2026-09-21 23:58:05,507 INFO sqlalchemy.engine.Engine SELECT background_jobs.id AS background_jobs_id, background_jobs.tenant_id AS background_jobs_tenant_id, background_jobs.type AS background_jobs_type, background_jobs.actor_user_id AS background_jobs_actor_user_id, background_jobs.payload_json AS background_jobs_payload_json, background_jobs.cursor_json AS background_jobs_cursor_json, background_jobs.logs_json AS background_jobs_logs_json, background_jobs.progress_total AS background_jobs_progress_total, background_jobs.progress_done AS background_jobs_progress_done, background_jobs.progress_failed AS background_jobs_progress_failed, background_jobs.error AS background_jobs_error, background_jobs.created_at AS background_jobs_created_at, background_jobs.started_at AS background_jobs_started_at, background_jobs.heartbeat_at AS background_jobs_heartbeat_at 
FROM background_jobs 
WHERE background_jobs.id = %(pk_1)s
[2026-09-21 23:58:05,507: INFO/ForkPoolWorker-2] SELECT background_jobs.id AS background_jobs_id, background_jobs.tenant_id AS background_jobs_tenant_id, background_jobs.type AS background_jobs_type, background_jobs.actor_user_id AS background_jobs_actor_user_id, background_jobs.payload_json AS background_jobs_payload_json, background_jobs.cursor_json AS background_jobs_cursor_json, background_jobs.logs_json AS background_jobs_logs_json, background_jobs.progress_total AS background_jobs_progress_total, background_jobs.progress_done AS background_jobs_progress_done, background_jobs.progress_failed AS background_jobs_progress_failed, background_jobs.error AS background_jobs_error, background_jobs.created_at AS background_jobs_created_at, background_jobs.started_at AS background_jobs_started_at, background_jobs.heartbeat_at AS background_jobs_heartbeat_at 
FROM background_jobs 
WHERE background_jobs.id = %(pk_1)s
2026-09-21 23:58:05,507 INFO sqlalchemy.engine.Engine [generated in 0.00024s] {'pk_1': '954245eb-a4f6-4dbd-9cc4-fee7214ad0e0'}
[2026-09-21 23:58:05,507: INFO/ForkPoolWorker-2] [generated in 0.00024s] {'pk_1': '954245eb-a4f6-4dbd-9cc4-fee7214ad0e0'}
2026-09-21 23:58:05,508 INFO sqlalchemy.engine.Engine UPDATE background_jobs SET status=%(status)s, result_json=%(result_json)s::JSON, finished_at=%(finished_at)s WHERE background_jobs.id = %(background_jobs_id)s
[2026-09-21 23:58:05,508: INFO/ForkPoolWorker-2] UPDATE background_jobs SET status=%(status)s, result_json=%(result_json)s::JSON, finished_at=%(finished_at)s WHERE background_jobs.id = %(background_jobs_id)s
2026-09-21 23:58:05,508 INFO sqlalchemy.engine.Engine [generated in 0.00044s] {'status': 'done', 'result_json': '{"scope": "sample", "preview": {"envelope": "paged", "totalCount": 11845, "columns": [{"name": "ItemCode", "sample": "**NEW"}, {"name": "Description" ... (28196 characters truncated) ... aseUOM", "CreatedUserID", "CreatedTimeStamp", "LastModifiedUserID", "LastModified", "StockControl", "IsActive", "BackOrderControl", "Discontinued"]}}', 'finished_at': datetime.datetime(2026, 9, 21, 15, 58, 5, 506419, tzinfo=datetime.timezone.utc), 'background_jobs_id': '954245eb-a4f6-4dbd-9cc4-fee7214ad0e0'}
[2026-09-21 23:58:05,508: INFO/ForkPoolWorker-2] [generated in 0.00044s] {'status': 'done', 'result_json': '{"scope": "sample", "preview": {"envelope": "paged", "totalCount": 11845, "columns": [{"name": "ItemCode", "sample": "**NEW"}, {"name": "Description" ... (28196 characters truncated) ... aseUOM", "CreatedUserID", "CreatedTimeStamp", "LastModifiedUserID", "LastModified", "StockControl", "IsActive", "BackOrderControl", "Discontinued"]}}', 'finished_at': datetime.datetime(2026, 9, 21, 15, 58, 5, 506419, tzinfo=datetime.timezone.utc), 'background_jobs_id': '954245eb-a4f6-4dbd-9cc4-fee7214ad0e0'}
2026-09-21 23:58:05,511 INFO sqlalchemy.engine.Engine COMMIT
[2026-09-21 23:58:05,511: INFO/ForkPoolWorker-2] COMMIT
2026-09-21 23:58:05,511 INFO sqlalchemy.engine.Engine BEGIN (implicit)
[2026-09-21 23:58:05,511: INFO/ForkPoolWorker-2] BEGIN (implicit)
2026-09-21 23:58:05,512 INFO sqlalchemy.engine.Engine SELECT background_jobs.id AS background_jobs_id, background_jobs.tenant_id AS background_jobs_tenant_id, background_jobs.type AS background_jobs_type, background_jobs.status AS background_jobs_status, background_jobs.actor_user_id AS background_jobs_actor_user_id, background_jobs.payload_json AS background_jobs_payload_json, background_jobs.result_json AS background_jobs_result_json, background_jobs.cursor_json AS background_jobs_cursor_json, background_jobs.logs_json AS background_jobs_logs_json, background_jobs.progress_total AS background_jobs_progress_total, background_jobs.progress_done AS background_jobs_progress_done, background_jobs.progress_failed AS background_jobs_progress_failed, background_jobs.error AS background_jobs_error, background_jobs.created_at AS background_jobs_created_at, background_jobs.started_at AS background_jobs_started_at, background_jobs.heartbeat_at AS background_jobs_heartbeat_at, background_jobs.finished_at AS background_jobs_finished_at 
FROM background_jobs 
WHERE background_jobs.id = %(pk_1)s
[2026-09-21 23:58:05,512: INFO/ForkPoolWorker-2] SELECT background_jobs.id AS background_jobs_id, background_jobs.tenant_id AS background_jobs_tenant_id, background_jobs.type AS background_jobs_type, background_jobs.status AS background_jobs_status, background_jobs.actor_user_id AS background_jobs_actor_user_id, background_jobs.payload_json AS background_jobs_payload_json, background_jobs.result_json AS background_jobs_result_json, background_jobs.cursor_json AS background_jobs_cursor_json, background_jobs.logs_json AS background_jobs_logs_json, background_jobs.progress_total AS background_jobs_progress_total, background_jobs.progress_done AS background_jobs_progress_done, background_jobs.progress_failed AS background_jobs_progress_failed, background_jobs.error AS background_jobs_error, background_jobs.created_at AS background_jobs_created_at, background_jobs.started_at AS background_jobs_started_at, background_jobs.heartbeat_at AS background_jobs_heartbeat_at, background_jobs.finished_at AS background_jobs_finished_at 
FROM background_jobs 
WHERE background_jobs.id = %(pk_1)s
2026-09-21 23:58:05,512 INFO sqlalchemy.engine.Engine [generated in 0.00020s] {'pk_1': '954245eb-a4f6-4dbd-9cc4-fee7214ad0e0'}
[2026-09-21 23:58:05,512: INFO/ForkPoolWorker-2] [generated in 0.00020s] {'pk_1': '954245eb-a4f6-4dbd-9cc4-fee7214ad0e0'}
2026-09-21 23:58:05,513 INFO sqlalchemy.engine.Engine UPDATE app_autocount.ac_entity_config SET preview_job_id=%(preview_job_id)s, updated_at=now() WHERE app_autocount.ac_entity_config.tenant_id = %(tenant_id_1)s AND app_autocount.ac_entity_config.company_id = %(company_id_1)s AND app_autocount.ac_entity_config.entity_type = %(entity_type_1)s AND app_autocount.ac_entity_config.preview_job_id = %(preview_job_id_1)s
[2026-09-21 23:58:05,513: INFO/ForkPoolWorker-2] UPDATE app_autocount.ac_entity_config SET preview_job_id=%(preview_job_id)s, updated_at=now() WHERE app_autocount.ac_entity_config.tenant_id = %(tenant_id_1)s AND app_autocount.ac_entity_config.company_id = %(company_id_1)s AND app_autocount.ac_entity_config.entity_type = %(entity_type_1)s AND app_autocount.ac_entity_config.preview_job_id = %(preview_job_id_1)s
2026-09-21 23:58:05,513 INFO sqlalchemy.engine.Engine [generated in 0.00020s] {'preview_job_id': None, 'tenant_id_1': '00000000-0000-0000-0000-000000000001', 'company_id_1': '228f0f18-1ca3-4ee8-874d-83789cf560f0', 'entity_type_1': 'product', 'preview_job_id_1': '954245eb-a4f6-4dbd-9cc4-fee7214ad0e0'}
[2026-09-21 23:58:05,513: INFO/ForkPoolWorker-2] [generated in 0.00020s] {'preview_job_id': None, 'tenant_id_1': '00000000-0000-0000-0000-000000000001', 'company_id_1': '228f0f18-1ca3-4ee8-874d-83789cf560f0', 'entity_type_1': 'product', 'preview_job_id_1': '954245eb-a4f6-4dbd-9cc4-fee7214ad0e0'}
2026-09-21 23:58:05,514 INFO sqlalchemy.engine.Engine COMMIT
[2026-09-21 23:58:05,514: INFO/ForkPoolWorker-2] COMMIT
2026-09-21 23:58:05,514 INFO sqlalchemy.engine.Engine BEGIN (implicit)
[2026-09-21 23:58:05,514: INFO/ForkPoolWorker-2] BEGIN (implicit)
2026-09-21 23:58:05,515 INFO sqlalchemy.engine.Engine SELECT background_jobs.id AS background_jobs_id, background_jobs.tenant_id AS background_jobs_tenant_id, background_jobs.type AS background_jobs_type, background_jobs.status AS background_jobs_status, background_jobs.actor_user_id AS background_jobs_actor_user_id, background_jobs.payload_json AS background_jobs_payload_json, background_jobs.result_json AS background_jobs_result_json, background_jobs.cursor_json AS background_jobs_cursor_json, background_jobs.logs_json AS background_jobs_logs_json, background_jobs.progress_total AS background_jobs_progress_total, background_jobs.progress_done AS background_jobs_progress_done, background_jobs.progress_failed AS background_jobs_progress_failed, background_jobs.error AS background_jobs_error, background_jobs.created_at AS background_jobs_created_at, background_jobs.started_at AS background_jobs_started_at, background_jobs.heartbeat_at AS background_jobs_heartbeat_at, background_jobs.finished_at AS background_jobs_finished_at 
FROM background_jobs 
WHERE background_jobs.id = %(id_1)s 
 LIMIT %(param_1)s
[2026-09-21 23:58:05,515: INFO/ForkPoolWorker-2] SELECT background_jobs.id AS background_jobs_id, background_jobs.tenant_id AS background_jobs_tenant_id, background_jobs.type AS background_jobs_type, background_jobs.status AS background_jobs_status, background_jobs.actor_user_id AS background_jobs_actor_user_id, background_jobs.payload_json AS background_jobs_payload_json, background_jobs.result_json AS background_jobs_result_json, background_jobs.cursor_json AS background_jobs_cursor_json, background_jobs.logs_json AS background_jobs_logs_json, background_jobs.progress_total AS background_jobs_progress_total, background_jobs.progress_done AS background_jobs_progress_done, background_jobs.progress_failed AS background_jobs_progress_failed, background_jobs.error AS background_jobs_error, background_jobs.created_at AS background_jobs_created_at, background_jobs.started_at AS background_jobs_started_at, background_jobs.heartbeat_at AS background_jobs_heartbeat_at, background_jobs.finished_at AS background_jobs_finished_at 
FROM background_jobs 
WHERE background_jobs.id = %(id_1)s 
 LIMIT %(param_1)s
2026-09-21 23:58:05,515 INFO sqlalchemy.engine.Engine [cached since 1.196s ago] {'id_1': '954245eb-a4f6-4dbd-9cc4-fee7214ad0e0', 'param_1': 1}
[2026-09-21 23:58:05,515: INFO/ForkPoolWorker-2] [cached since 1.196s ago] {'id_1': '954245eb-a4f6-4dbd-9cc4-fee7214ad0e0', 'param_1': 1}
2026-09-21 23:58:05,515 INFO sqlalchemy.engine.Engine ROLLBACK
[2026-09-21 23:58:05,515: INFO/ForkPoolWorker-2] ROLLBACK
[2026-09-21 23:58:05,518: INFO/ForkPoolWorker-2] Task jobs.run[e6a4cf50-370f-44a5-b98b-97db42bc1203] succeeded in 1.5291794589993515s: None
[2026-09-21 23:58:31,377: INFO/MainProcess] Task jobs.run[6acd427c-c097-4b81-9a1b-ffc25e5e0f49] received
2026-09-21 23:58:31,381 INFO sqlalchemy.engine.Engine BEGIN (implicit)
[2026-09-21 23:58:31,381: INFO/ForkPoolWorker-2] BEGIN (implicit)
2026-09-21 23:58:31,382 INFO sqlalchemy.engine.Engine SELECT background_jobs.id AS background_jobs_id, background_jobs.tenant_id AS background_jobs_tenant_id, background_jobs.type AS background_jobs_type, background_jobs.status AS background_jobs_status, background_jobs.actor_user_id AS background_jobs_actor_user_id, background_jobs.payload_json AS background_jobs_payload_json, background_jobs.result_json AS background_jobs_result_json, background_jobs.cursor_json AS background_jobs_cursor_json, background_jobs.logs_json AS background_jobs_logs_json, background_jobs.progress_total AS background_jobs_progress_total, background_jobs.progress_done AS background_jobs_progress_done, background_jobs.progress_failed AS background_jobs_progress_failed, background_jobs.error AS background_jobs_error, background_jobs.created_at AS background_jobs_created_at, background_jobs.started_at AS background_jobs_started_at, background_jobs.heartbeat_at AS background_jobs_heartbeat_at, background_jobs.finished_at AS background_jobs_finished_at 
FROM background_jobs 
WHERE background_jobs.id = %(id_1)s 
 LIMIT %(param_1)s
[2026-09-21 23:58:31,382: INFO/ForkPoolWorker-2] SELECT background_jobs.id AS background_jobs_id, background_jobs.tenant_id AS background_jobs_tenant_id, background_jobs.type AS background_jobs_type, background_jobs.status AS background_jobs_status, background_jobs.actor_user_id AS background_jobs_actor_user_id, background_jobs.payload_json AS background_jobs_payload_json, background_jobs.result_json AS background_jobs_result_json, background_jobs.cursor_json AS background_jobs_cursor_json, background_jobs.logs_json AS background_jobs_logs_json, background_jobs.progress_total AS background_jobs_progress_total, background_jobs.progress_done AS background_jobs_progress_done, background_jobs.progress_failed AS background_jobs_progress_failed, background_jobs.error AS background_jobs_error, background_jobs.created_at AS background_jobs_created_at, background_jobs.started_at AS background_jobs_started_at, background_jobs.heartbeat_at AS background_jobs_heartbeat_at, background_jobs.finished_at AS background_jobs_finished_at 
FROM background_jobs 
WHERE background_jobs.id = %(id_1)s 
 LIMIT %(param_1)s
2026-09-21 23:58:31,382 INFO sqlalchemy.engine.Engine [cached since 27.06s ago] {'id_1': 'c646d7fa-dfc6-4c7a-9eea-2b986c623043', 'param_1': 1}
[2026-09-21 23:58:31,382: INFO/ForkPoolWorker-2] [cached since 27.06s ago] {'id_1': 'c646d7fa-dfc6-4c7a-9eea-2b986c623043', 'param_1': 1}
2026-09-21 23:58:31,386 INFO sqlalchemy.engine.Engine UPDATE background_jobs SET status=%(status)s, started_at=%(started_at)s WHERE background_jobs.id = %(id_1)s AND background_jobs.status = %(status_1)s
[2026-09-21 23:58:31,386: INFO/ForkPoolWorker-2] UPDATE background_jobs SET status=%(status)s, started_at=%(started_at)s WHERE background_jobs.id = %(id_1)s AND background_jobs.status = %(status_1)s
2026-09-21 23:58:31,386 INFO sqlalchemy.engine.Engine [cached since 27.06s ago] {'status': 'running', 'started_at': datetime.datetime(2026, 9, 21, 15, 58, 31, 385676, tzinfo=datetime.timezone.utc), 'id_1': 'c646d7fa-dfc6-4c7a-9eea-2b986c623043', 'status_1': 'pending'}
[2026-09-21 23:58:31,386: INFO/ForkPoolWorker-2] [cached since 27.06s ago] {'status': 'running', 'started_at': datetime.datetime(2026, 9, 21, 15, 58, 31, 385676, tzinfo=datetime.timezone.utc), 'id_1': 'c646d7fa-dfc6-4c7a-9eea-2b986c623043', 'status_1': 'pending'}
2026-09-21 23:58:31,387 INFO sqlalchemy.engine.Engine COMMIT
[2026-09-21 23:58:31,387: INFO/ForkPoolWorker-2] COMMIT
2026-09-21 23:58:31,388 INFO sqlalchemy.engine.Engine BEGIN (implicit)
[2026-09-21 23:58:31,388: INFO/ForkPoolWorker-2] BEGIN (implicit)
2026-09-21 23:58:31,388 INFO sqlalchemy.engine.Engine SELECT background_jobs.id AS background_jobs_id, background_jobs.tenant_id AS background_jobs_tenant_id, background_jobs.type AS background_jobs_type, background_jobs.status AS background_jobs_status, background_jobs.actor_user_id AS background_jobs_actor_user_id, background_jobs.payload_json AS background_jobs_payload_json, background_jobs.result_json AS background_jobs_result_json, background_jobs.cursor_json AS background_jobs_cursor_json, background_jobs.logs_json AS background_jobs_logs_json, background_jobs.progress_total AS background_jobs_progress_total, background_jobs.progress_done AS background_jobs_progress_done, background_jobs.progress_failed AS background_jobs_progress_failed, background_jobs.error AS background_jobs_error, background_jobs.created_at AS background_jobs_created_at, background_jobs.started_at AS background_jobs_started_at, background_jobs.heartbeat_at AS background_jobs_heartbeat_at, background_jobs.finished_at AS background_jobs_finished_at 
FROM background_jobs 
WHERE background_jobs.id = %(id_1)s 
 LIMIT %(param_1)s
[2026-09-21 23:58:31,388: INFO/ForkPoolWorker-2] SELECT background_jobs.id AS background_jobs_id, background_jobs.tenant_id AS background_jobs_tenant_id, background_jobs.type AS background_jobs_type, background_jobs.status AS background_jobs_status, background_jobs.actor_user_id AS background_jobs_actor_user_id, background_jobs.payload_json AS background_jobs_payload_json, background_jobs.result_json AS background_jobs_result_json, background_jobs.cursor_json AS background_jobs_cursor_json, background_jobs.logs_json AS background_jobs_logs_json, background_jobs.progress_total AS background_jobs_progress_total, background_jobs.progress_done AS background_jobs_progress_done, background_jobs.progress_failed AS background_jobs_progress_failed, background_jobs.error AS background_jobs_error, background_jobs.created_at AS background_jobs_created_at, background_jobs.started_at AS background_jobs_started_at, background_jobs.heartbeat_at AS background_jobs_heartbeat_at, background_jobs.finished_at AS background_jobs_finished_at 
FROM background_jobs 
WHERE background_jobs.id = %(id_1)s 
 LIMIT %(param_1)s
2026-09-21 23:58:31,389 INFO sqlalchemy.engine.Engine [cached since 27.07s ago] {'id_1': 'c646d7fa-dfc6-4c7a-9eea-2b986c623043', 'param_1': 1}
[2026-09-21 23:58:31,389: INFO/ForkPoolWorker-2] [cached since 27.07s ago] {'id_1': 'c646d7fa-dfc6-4c7a-9eea-2b986c623043', 'param_1': 1}
2026-09-21 23:58:31,391 INFO sqlalchemy.engine.Engine SELECT app_autocount.ac_company.id AS app_autocount_ac_company_id, app_autocount.ac_company.tenant_id AS app_autocount_ac_company_tenant_id, app_autocount.ac_company.connection_id AS app_autocount_ac_company_connection_id, app_autocount.ac_company.database_name AS app_autocount_ac_company_database_name, app_autocount.ac_company.company_name AS app_autocount_ac_company_company_name, app_autocount.ac_company.name AS app_autocount_ac_company_name, app_autocount.ac_company.is_active AS app_autocount_ac_company_is_active, app_autocount.ac_company.sink_impl AS app_autocount_ac_company_sink_impl, app_autocount.ac_company.sink_connection_id AS app_autocount_ac_company_sink_connection_id, app_autocount.ac_company.sorento_company_code AS app_autocount_ac_company_sorento_company_code, app_autocount.ac_company.created_at AS app_autocount_ac_company_created_at, app_autocount.ac_company.updated_at AS app_autocount_ac_company_updated_at 
FROM app_autocount.ac_company 
WHERE app_autocount.ac_company.tenant_id = %(tenant_id_1)s AND app_autocount.ac_company.id = %(id_1)s 
 LIMIT %(param_1)s
[2026-09-21 23:58:31,391: INFO/ForkPoolWorker-2] SELECT app_autocount.ac_company.id AS app_autocount_ac_company_id, app_autocount.ac_company.tenant_id AS app_autocount_ac_company_tenant_id, app_autocount.ac_company.connection_id AS app_autocount_ac_company_connection_id, app_autocount.ac_company.database_name AS app_autocount_ac_company_database_name, app_autocount.ac_company.company_name AS app_autocount_ac_company_company_name, app_autocount.ac_company.name AS app_autocount_ac_company_name, app_autocount.ac_company.is_active AS app_autocount_ac_company_is_active, app_autocount.ac_company.sink_impl AS app_autocount_ac_company_sink_impl, app_autocount.ac_company.sink_connection_id AS app_autocount_ac_company_sink_connection_id, app_autocount.ac_company.sorento_company_code AS app_autocount_ac_company_sorento_company_code, app_autocount.ac_company.created_at AS app_autocount_ac_company_created_at, app_autocount.ac_company.updated_at AS app_autocount_ac_company_updated_at 
FROM app_autocount.ac_company 
WHERE app_autocount.ac_company.tenant_id = %(tenant_id_1)s AND app_autocount.ac_company.id = %(id_1)s 
 LIMIT %(param_1)s
2026-09-21 23:58:31,392 INFO sqlalchemy.engine.Engine [cached since 25.9s ago] {'tenant_id_1': '00000000-0000-0000-0000-000000000001', 'id_1': '228f0f18-1ca3-4ee8-874d-83789cf560f0', 'param_1': 1}
[2026-09-21 23:58:31,392: INFO/ForkPoolWorker-2] [cached since 25.9s ago] {'tenant_id_1': '00000000-0000-0000-0000-000000000001', 'id_1': '228f0f18-1ca3-4ee8-874d-83789cf560f0', 'param_1': 1}
2026-09-21 23:58:31,393 INFO sqlalchemy.engine.Engine SELECT app_autocount.ac_entity_config.id AS app_autocount_ac_entity_config_id, app_autocount.ac_entity_config.tenant_id AS app_autocount_ac_entity_config_tenant_id, app_autocount.ac_entity_config.company_id AS app_autocount_ac_entity_config_company_id, app_autocount.ac_entity_config.entity_type AS app_autocount_ac_entity_config_entity_type, app_autocount.ac_entity_config.sync_mode AS app_autocount_ac_entity_config_sync_mode, app_autocount.ac_entity_config.source_impl AS app_autocount_ac_entity_config_source_impl, app_autocount.ac_entity_config.envelope AS app_autocount_ac_entity_config_envelope, app_autocount.ac_entity_config.initial_load AS app_autocount_ac_entity_config_initial_load, app_autocount.ac_entity_config.record_cap AS app_autocount_ac_entity_config_record_cap, app_autocount.ac_entity_config.initial_lookback_days AS app_autocount_ac_entity_config_initial_lookback_days, app_autocount.ac_entity_config.enabled AS app_autocount_ac_entity_config_enabled, app_autocount.ac_entity_config.delivery_mode AS app_autocount_ac_entity_config_delivery_mode, app_autocount.ac_entity_config.source_config AS app_autocount_ac_entity_config_source_config, app_autocount.ac_entity_config.etl_status AS app_autocount_ac_entity_config_etl_status, app_autocount.ac_entity_config.activated_at AS app_autocount_ac_entity_config_activated_at, app_autocount.ac_entity_config.next_incremental_at AS app_autocount_ac_entity_config_next_incremental_at, app_autocount.ac_entity_config.next_reconcile_at AS app_autocount_ac_entity_config_next_reconcile_at, app_autocount.ac_entity_config.last_run_error AS app_autocount_ac_entity_config_last_run_error, app_autocount.ac_entity_config.last_run_error_code AS app_autocount_ac_entity_config_last_run_error_code, app_autocount.ac_entity_config.result_columns AS app_autocount_ac_entity_config_result_columns, app_autocount.ac_entity_config.line_result_columns AS app_autocount_ac_entity_config_line_result_columns, app_autocount.ac_entity_config.last_preview_at AS app_autocount_ac_entity_config_last_preview_at, app_autocount.ac_entity_config.last_preview_failed_count AS app_autocount_ac_entity_config_last_preview_failed_count, app_autocount.ac_entity_config.last_run_at AS app_autocount_ac_entity_config_last_run_at, app_autocount.ac_entity_config.preview_job_id AS app_autocount_ac_entity_config_preview_job_id, app_autocount.ac_entity_config.created_at AS app_autocount_ac_entity_config_created_at, app_autocount.ac_entity_config.updated_at AS app_autocount_ac_entity_config_updated_at 
FROM app_autocount.ac_entity_config 
WHERE app_autocount.ac_entity_config.tenant_id = %(tenant_id_1)s AND app_autocount.ac_entity_config.company_id = %(company_id_1)s AND app_autocount.ac_entity_config.entity_type = %(entity_type_1)s 
 LIMIT %(param_1)s
[2026-09-21 23:58:31,393: INFO/ForkPoolWorker-2] SELECT app_autocount.ac_entity_config.id AS app_autocount_ac_entity_config_id, app_autocount.ac_entity_config.tenant_id AS app_autocount_ac_entity_config_tenant_id, app_autocount.ac_entity_config.company_id AS app_autocount_ac_entity_config_company_id, app_autocount.ac_entity_config.entity_type AS app_autocount_ac_entity_config_entity_type, app_autocount.ac_entity_config.sync_mode AS app_autocount_ac_entity_config_sync_mode, app_autocount.ac_entity_config.source_impl AS app_autocount_ac_entity_config_source_impl, app_autocount.ac_entity_config.envelope AS app_autocount_ac_entity_config_envelope, app_autocount.ac_entity_config.initial_load AS app_autocount_ac_entity_config_initial_load, app_autocount.ac_entity_config.record_cap AS app_autocount_ac_entity_config_record_cap, app_autocount.ac_entity_config.initial_lookback_days AS app_autocount_ac_entity_config_initial_lookback_days, app_autocount.ac_entity_config.enabled AS app_autocount_ac_entity_config_enabled, app_autocount.ac_entity_config.delivery_mode AS app_autocount_ac_entity_config_delivery_mode, app_autocount.ac_entity_config.source_config AS app_autocount_ac_entity_config_source_config, app_autocount.ac_entity_config.etl_status AS app_autocount_ac_entity_config_etl_status, app_autocount.ac_entity_config.activated_at AS app_autocount_ac_entity_config_activated_at, app_autocount.ac_entity_config.next_incremental_at AS app_autocount_ac_entity_config_next_incremental_at, app_autocount.ac_entity_config.next_reconcile_at AS app_autocount_ac_entity_config_next_reconcile_at, app_autocount.ac_entity_config.last_run_error AS app_autocount_ac_entity_config_last_run_error, app_autocount.ac_entity_config.last_run_error_code AS app_autocount_ac_entity_config_last_run_error_code, app_autocount.ac_entity_config.result_columns AS app_autocount_ac_entity_config_result_columns, app_autocount.ac_entity_config.line_result_columns AS app_autocount_ac_entity_config_line_result_columns, app_autocount.ac_entity_config.last_preview_at AS app_autocount_ac_entity_config_last_preview_at, app_autocount.ac_entity_config.last_preview_failed_count AS app_autocount_ac_entity_config_last_preview_failed_count, app_autocount.ac_entity_config.last_run_at AS app_autocount_ac_entity_config_last_run_at, app_autocount.ac_entity_config.preview_job_id AS app_autocount_ac_entity_config_preview_job_id, app_autocount.ac_entity_config.created_at AS app_autocount_ac_entity_config_created_at, app_autocount.ac_entity_config.updated_at AS app_autocount_ac_entity_config_updated_at 
FROM app_autocount.ac_entity_config 
WHERE app_autocount.ac_entity_config.tenant_id = %(tenant_id_1)s AND app_autocount.ac_entity_config.company_id = %(company_id_1)s AND app_autocount.ac_entity_config.entity_type = %(entity_type_1)s 
 LIMIT %(param_1)s
2026-09-21 23:58:31,393 INFO sqlalchemy.engine.Engine [cached since 25.9s ago] {'tenant_id_1': '00000000-0000-0000-0000-000000000001', 'company_id_1': '228f0f18-1ca3-4ee8-874d-83789cf560f0', 'entity_type_1': 'product', 'param_1': 1}
[2026-09-21 23:58:31,393: INFO/ForkPoolWorker-2] [cached since 25.9s ago] {'tenant_id_1': '00000000-0000-0000-0000-000000000001', 'company_id_1': '228f0f18-1ca3-4ee8-874d-83789cf560f0', 'entity_type_1': 'product', 'param_1': 1}
2026-09-21 23:58:31,394 INFO sqlalchemy.engine.Engine SELECT app_autocount.ac_watermark.id AS app_autocount_ac_watermark_id, app_autocount.ac_watermark.tenant_id AS app_autocount_ac_watermark_tenant_id, app_autocount.ac_watermark.company_id AS app_autocount_ac_watermark_company_id, app_autocount.ac_watermark.entity_type AS app_autocount_ac_watermark_entity_type, app_autocount.ac_watermark.last_modified_at AS app_autocount_ac_watermark_last_modified_at, app_autocount.ac_watermark.cursor_json AS app_autocount_ac_watermark_cursor_json, app_autocount.ac_watermark.last_success_at AS app_autocount_ac_watermark_last_success_at, app_autocount.ac_watermark.last_attempt_at AS app_autocount_ac_watermark_last_attempt_at, app_autocount.ac_watermark.consecutive_failures AS app_autocount_ac_watermark_consecutive_failures, app_autocount.ac_watermark.last_error AS app_autocount_ac_watermark_last_error, app_autocount.ac_watermark.last_fingerprint_sweep_at AS app_autocount_ac_watermark_last_fingerprint_sweep_at, app_autocount.ac_watermark.created_at AS app_autocount_ac_watermark_created_at, app_autocount.ac_watermark.updated_at AS app_autocount_ac_watermark_updated_at 
FROM app_autocount.ac_watermark 
WHERE app_autocount.ac_watermark.tenant_id = %(tenant_id_1)s AND app_autocount.ac_watermark.company_id = %(company_id_1)s AND app_autocount.ac_watermark.entity_type = %(entity_type_1)s 
 LIMIT %(param_1)s
[2026-09-21 23:58:31,394: INFO/ForkPoolWorker-2] SELECT app_autocount.ac_watermark.id AS app_autocount_ac_watermark_id, app_autocount.ac_watermark.tenant_id AS app_autocount_ac_watermark_tenant_id, app_autocount.ac_watermark.company_id AS app_autocount_ac_watermark_company_id, app_autocount.ac_watermark.entity_type AS app_autocount_ac_watermark_entity_type, app_autocount.ac_watermark.last_modified_at AS app_autocount_ac_watermark_last_modified_at, app_autocount.ac_watermark.cursor_json AS app_autocount_ac_watermark_cursor_json, app_autocount.ac_watermark.last_success_at AS app_autocount_ac_watermark_last_success_at, app_autocount.ac_watermark.last_attempt_at AS app_autocount_ac_watermark_last_attempt_at, app_autocount.ac_watermark.consecutive_failures AS app_autocount_ac_watermark_consecutive_failures, app_autocount.ac_watermark.last_error AS app_autocount_ac_watermark_last_error, app_autocount.ac_watermark.last_fingerprint_sweep_at AS app_autocount_ac_watermark_last_fingerprint_sweep_at, app_autocount.ac_watermark.created_at AS app_autocount_ac_watermark_created_at, app_autocount.ac_watermark.updated_at AS app_autocount_ac_watermark_updated_at 
FROM app_autocount.ac_watermark 
WHERE app_autocount.ac_watermark.tenant_id = %(tenant_id_1)s AND app_autocount.ac_watermark.company_id = %(company_id_1)s AND app_autocount.ac_watermark.entity_type = %(entity_type_1)s 
 LIMIT %(param_1)s
2026-09-21 23:58:31,395 INFO sqlalchemy.engine.Engine [cached since 25.89s ago] {'tenant_id_1': '00000000-0000-0000-0000-000000000001', 'company_id_1': '228f0f18-1ca3-4ee8-874d-83789cf560f0', 'entity_type_1': 'product', 'param_1': 1}
[2026-09-21 23:58:31,395: INFO/ForkPoolWorker-2] [cached since 25.89s ago] {'tenant_id_1': '00000000-0000-0000-0000-000000000001', 'company_id_1': '228f0f18-1ca3-4ee8-874d-83789cf560f0', 'entity_type_1': 'product', 'param_1': 1}
2026-09-21 23:58:31,396 INFO sqlalchemy.engine.Engine SELECT app_autocount.ac_company.id AS app_autocount_ac_company_id, app_autocount.ac_company.tenant_id AS app_autocount_ac_company_tenant_id, app_autocount.ac_company.connection_id AS app_autocount_ac_company_connection_id, app_autocount.ac_company.database_name AS app_autocount_ac_company_database_name, app_autocount.ac_company.company_name AS app_autocount_ac_company_company_name, app_autocount.ac_company.name AS app_autocount_ac_company_name, app_autocount.ac_company.is_active AS app_autocount_ac_company_is_active, app_autocount.ac_company.sink_impl AS app_autocount_ac_company_sink_impl, app_autocount.ac_company.sink_connection_id AS app_autocount_ac_company_sink_connection_id, app_autocount.ac_company.sorento_company_code AS app_autocount_ac_company_sorento_company_code, app_autocount.ac_company.created_at AS app_autocount_ac_company_created_at, app_autocount.ac_company.updated_at AS app_autocount_ac_company_updated_at 
FROM app_autocount.ac_company 
WHERE app_autocount.ac_company.tenant_id = %(tenant_id_1)s AND app_autocount.ac_company.id = %(id_1)s 
 LIMIT %(param_1)s
[2026-09-21 23:58:31,396: INFO/ForkPoolWorker-2] SELECT app_autocount.ac_company.id AS app_autocount_ac_company_id, app_autocount.ac_company.tenant_id AS app_autocount_ac_company_tenant_id, app_autocount.ac_company.connection_id AS app_autocount_ac_company_connection_id, app_autocount.ac_company.database_name AS app_autocount_ac_company_database_name, app_autocount.ac_company.company_name AS app_autocount_ac_company_company_name, app_autocount.ac_company.name AS app_autocount_ac_company_name, app_autocount.ac_company.is_active AS app_autocount_ac_company_is_active, app_autocount.ac_company.sink_impl AS app_autocount_ac_company_sink_impl, app_autocount.ac_company.sink_connection_id AS app_autocount_ac_company_sink_connection_id, app_autocount.ac_company.sorento_company_code AS app_autocount_ac_company_sorento_company_code, app_autocount.ac_company.created_at AS app_autocount_ac_company_created_at, app_autocount.ac_company.updated_at AS app_autocount_ac_company_updated_at 
FROM app_autocount.ac_company 
WHERE app_autocount.ac_company.tenant_id = %(tenant_id_1)s AND app_autocount.ac_company.id = %(id_1)s 
 LIMIT %(param_1)s
2026-09-21 23:58:31,396 INFO sqlalchemy.engine.Engine [cached since 25.9s ago] {'tenant_id_1': '00000000-0000-0000-0000-000000000001', 'id_1': '228f0f18-1ca3-4ee8-874d-83789cf560f0', 'param_1': 1}
[2026-09-21 23:58:31,396: INFO/ForkPoolWorker-2] [cached since 25.9s ago] {'tenant_id_1': '00000000-0000-0000-0000-000000000001', 'id_1': '228f0f18-1ca3-4ee8-874d-83789cf560f0', 'param_1': 1}
2026-09-21 23:58:31,397 INFO sqlalchemy.engine.Engine SELECT background_jobs.status AS background_jobs_status 
FROM background_jobs 
WHERE background_jobs.id = %(id_1)s
[2026-09-21 23:58:31,397: INFO/ForkPoolWorker-2] SELECT background_jobs.status AS background_jobs_status 
FROM background_jobs 
WHERE background_jobs.id = %(id_1)s
2026-09-21 23:58:31,397 INFO sqlalchemy.engine.Engine [cached since 25.89s ago] {'id_1': 'c646d7fa-dfc6-4c7a-9eea-2b986c623043'}
[2026-09-21 23:58:31,397: INFO/ForkPoolWorker-2] [cached since 25.89s ago] {'id_1': 'c646d7fa-dfc6-4c7a-9eea-2b986c623043'}
2026-09-21 23:58:31,398 INFO sqlalchemy.engine.Engine UPDATE background_jobs SET status=%(status)s, result_json=%(result_json)s::JSON, finished_at=%(finished_at)s WHERE background_jobs.id = %(background_jobs_id)s
[2026-09-21 23:58:31,398: INFO/ForkPoolWorker-2] UPDATE background_jobs SET status=%(status)s, result_json=%(result_json)s::JSON, finished_at=%(finished_at)s WHERE background_jobs.id = %(background_jobs_id)s
2026-09-21 23:58:31,398 INFO sqlalchemy.engine.Engine [cached since 25.89s ago] {'status': 'done', 'result_json': '{"scope": "full", "task": {"companyId": "228f0f18-1ca3-4ee8-874d-83789cf560f0", "entityType": "product", "etlStatus": "draft", "activatedAt": null, " ... (1348 characters truncated) ... lse, "sink": "logging", "reason": "No consumer is configured for this company, so there is nothing to dry-run. Point the company at Sorento first."}}', 'finished_at': datetime.datetime(2026, 9, 21, 15, 58, 31, 398209, tzinfo=datetime.timezone.utc), 'background_jobs_id': 'c646d7fa-dfc6-4c7a-9eea-2b986c623043'}
[2026-09-21 23:58:31,398: INFO/ForkPoolWorker-2] [cached since 25.89s ago] {'status': 'done', 'result_json': '{"scope": "full", "task": {"companyId": "228f0f18-1ca3-4ee8-874d-83789cf560f0", "entityType": "product", "etlStatus": "draft", "activatedAt": null, " ... (1348 characters truncated) ... lse, "sink": "logging", "reason": "No consumer is configured for this company, so there is nothing to dry-run. Point the company at Sorento first."}}', 'finished_at': datetime.datetime(2026, 9, 21, 15, 58, 31, 398209, tzinfo=datetime.timezone.utc), 'background_jobs_id': 'c646d7fa-dfc6-4c7a-9eea-2b986c623043'}
2026-09-21 23:58:31,399 INFO sqlalchemy.engine.Engine COMMIT
[2026-09-21 23:58:31,399: INFO/ForkPoolWorker-2] COMMIT
2026-09-21 23:58:31,400 INFO sqlalchemy.engine.Engine BEGIN (implicit)
[2026-09-21 23:58:31,400: INFO/ForkPoolWorker-2] BEGIN (implicit)
2026-09-21 23:58:31,400 INFO sqlalchemy.engine.Engine SELECT background_jobs.id AS background_jobs_id, background_jobs.tenant_id AS background_jobs_tenant_id, background_jobs.type AS background_jobs_type, background_jobs.status AS background_jobs_status, background_jobs.actor_user_id AS background_jobs_actor_user_id, background_jobs.payload_json AS background_jobs_payload_json, background_jobs.result_json AS background_jobs_result_json, background_jobs.cursor_json AS background_jobs_cursor_json, background_jobs.logs_json AS background_jobs_logs_json, background_jobs.progress_total AS background_jobs_progress_total, background_jobs.progress_done AS background_jobs_progress_done, background_jobs.progress_failed AS background_jobs_progress_failed, background_jobs.error AS background_jobs_error, background_jobs.created_at AS background_jobs_created_at, background_jobs.started_at AS background_jobs_started_at, background_jobs.heartbeat_at AS background_jobs_heartbeat_at, background_jobs.finished_at AS background_jobs_finished_at 
FROM background_jobs 
WHERE background_jobs.id = %(pk_1)s
[2026-09-21 23:58:31,400: INFO/ForkPoolWorker-2] SELECT background_jobs.id AS background_jobs_id, background_jobs.tenant_id AS background_jobs_tenant_id, background_jobs.type AS background_jobs_type, background_jobs.status AS background_jobs_status, background_jobs.actor_user_id AS background_jobs_actor_user_id, background_jobs.payload_json AS background_jobs_payload_json, background_jobs.result_json AS background_jobs_result_json, background_jobs.cursor_json AS background_jobs_cursor_json, background_jobs.logs_json AS background_jobs_logs_json, background_jobs.progress_total AS background_jobs_progress_total, background_jobs.progress_done AS background_jobs_progress_done, background_jobs.progress_failed AS background_jobs_progress_failed, background_jobs.error AS background_jobs_error, background_jobs.created_at AS background_jobs_created_at, background_jobs.started_at AS background_jobs_started_at, background_jobs.heartbeat_at AS background_jobs_heartbeat_at, background_jobs.finished_at AS background_jobs_finished_at 
FROM background_jobs 
WHERE background_jobs.id = %(pk_1)s
2026-09-21 23:58:31,400 INFO sqlalchemy.engine.Engine [cached since 25.89s ago] {'pk_1': 'c646d7fa-dfc6-4c7a-9eea-2b986c623043'}
[2026-09-21 23:58:31,400: INFO/ForkPoolWorker-2] [cached since 25.89s ago] {'pk_1': 'c646d7fa-dfc6-4c7a-9eea-2b986c623043'}
2026-09-21 23:58:31,401 INFO sqlalchemy.engine.Engine UPDATE app_autocount.ac_entity_config SET preview_job_id=%(preview_job_id)s, updated_at=now() WHERE app_autocount.ac_entity_config.tenant_id = %(tenant_id_1)s AND app_autocount.ac_entity_config.company_id = %(company_id_1)s AND app_autocount.ac_entity_config.entity_type = %(entity_type_1)s AND app_autocount.ac_entity_config.preview_job_id = %(preview_job_id_1)s
[2026-09-21 23:58:31,401: INFO/ForkPoolWorker-2] UPDATE app_autocount.ac_entity_config SET preview_job_id=%(preview_job_id)s, updated_at=now() WHERE app_autocount.ac_entity_config.tenant_id = %(tenant_id_1)s AND app_autocount.ac_entity_config.company_id = %(company_id_1)s AND app_autocount.ac_entity_config.entity_type = %(entity_type_1)s AND app_autocount.ac_entity_config.preview_job_id = %(preview_job_id_1)s
2026-09-21 23:58:31,401 INFO sqlalchemy.engine.Engine [cached since 25.89s ago] {'preview_job_id': None, 'tenant_id_1': '00000000-0000-0000-0000-000000000001', 'company_id_1': '228f0f18-1ca3-4ee8-874d-83789cf560f0', 'entity_type_1': 'product', 'preview_job_id_1': 'c646d7fa-dfc6-4c7a-9eea-2b986c623043'}
[2026-09-21 23:58:31,401: INFO/ForkPoolWorker-2] [cached since 25.89s ago] {'preview_job_id': None, 'tenant_id_1': '00000000-0000-0000-0000-000000000001', 'company_id_1': '228f0f18-1ca3-4ee8-874d-83789cf560f0', 'entity_type_1': 'product', 'preview_job_id_1': 'c646d7fa-dfc6-4c7a-9eea-2b986c623043'}
2026-09-21 23:58:31,402 INFO sqlalchemy.engine.Engine COMMIT
[2026-09-21 23:58:31,402: INFO/ForkPoolWorker-2] COMMIT
2026-09-21 23:58:31,402 INFO sqlalchemy.engine.Engine BEGIN (implicit)
[2026-09-21 23:58:31,402: INFO/ForkPoolWorker-2] BEGIN (implicit)
2026-09-21 23:58:31,402 INFO sqlalchemy.engine.Engine SELECT background_jobs.id AS background_jobs_id, background_jobs.tenant_id AS background_jobs_tenant_id, background_jobs.type AS background_jobs_type, background_jobs.status AS background_jobs_status, background_jobs.actor_user_id AS background_jobs_actor_user_id, background_jobs.payload_json AS background_jobs_payload_json, background_jobs.result_json AS background_jobs_result_json, background_jobs.cursor_json AS background_jobs_cursor_json, background_jobs.logs_json AS background_jobs_logs_json, background_jobs.progress_total AS background_jobs_progress_total, background_jobs.progress_done AS background_jobs_progress_done, background_jobs.progress_failed AS background_jobs_progress_failed, background_jobs.error AS background_jobs_error, background_jobs.created_at AS background_jobs_created_at, background_jobs.started_at AS background_jobs_started_at, background_jobs.heartbeat_at AS background_jobs_heartbeat_at, background_jobs.finished_at AS background_jobs_finished_at 
FROM background_jobs 
WHERE background_jobs.id = %(id_1)s 
 LIMIT %(param_1)s
[2026-09-21 23:58:31,402: INFO/ForkPoolWorker-2] SELECT background_jobs.id AS background_jobs_id, background_jobs.tenant_id AS background_jobs_tenant_id, background_jobs.type AS background_jobs_type, background_jobs.status AS background_jobs_status, background_jobs.actor_user_id AS background_jobs_actor_user_id, background_jobs.payload_json AS background_jobs_payload_json, background_jobs.result_json AS background_jobs_result_json, background_jobs.cursor_json AS background_jobs_cursor_json, background_jobs.logs_json AS background_jobs_logs_json, background_jobs.progress_total AS background_jobs_progress_total, background_jobs.progress_done AS background_jobs_progress_done, background_jobs.progress_failed AS background_jobs_progress_failed, background_jobs.error AS background_jobs_error, background_jobs.created_at AS background_jobs_created_at, background_jobs.started_at AS background_jobs_started_at, background_jobs.heartbeat_at AS background_jobs_heartbeat_at, background_jobs.finished_at AS background_jobs_finished_at 
FROM background_jobs 
WHERE background_jobs.id = %(id_1)s 
 LIMIT %(param_1)s
2026-09-21 23:58:31,403 INFO sqlalchemy.engine.Engine [cached since 27.08s ago] {'id_1': 'c646d7fa-dfc6-4c7a-9eea-2b986c623043', 'param_1': 1}
[2026-09-21 23:58:31,403: INFO/ForkPoolWorker-2] [cached since 27.08s ago] {'id_1': 'c646d7fa-dfc6-4c7a-9eea-2b986c623043', 'param_1': 1}
2026-09-21 23:58:31,403 INFO sqlalchemy.engine.Engine ROLLBACK
[2026-09-21 23:58:31,403: INFO/ForkPoolWorker-2] ROLLBACK
[2026-09-21 23:58:31,405: INFO/ForkPoolWorker-2] Task jobs.run[6acd427c-c097-4b81-9a1b-ffc25e5e0f49] succeeded in 0.026087875001394423s: None

worker: Warm shutdown (MainProcess)
