 
 -------------- wf_s41@Tehs-Mac-mini.local v5.6.3 (recovery)
--- ***** ----- 
-- ******* ---- macOS-26.5.1-arm64-arm-64bit-Mach-O 2026-09-21 21:53:12
- *** --- * --- 
- ** ---------- [config]
- ** ---------- .> app:         workflows:0x10c1f82f0
- ** ---------- .> transport:   redis://localhost:6379/11
- ** ---------- .> results:     redis://localhost:6379/11
- *** --- * --- .> concurrency: 1 (prefork)
-- ******* ---- .> task events: OFF (enable -E to monitor tasks in this worker)
--- ***** ----- 
 -------------- [queues]
                .> workflow         exchange=workflow(direct) key=workflow
                

[tasks]
  . autocount.etl_sweep
  . autocount.prune_pull_snapshots
  . jobs.run
  . jobs.sweep_orphaned
  . meetings.bot_dispatch_due
  . meetings.calendar_sync_due
  . omnichannel.broadcasts_due
  . omnichannel.wait_sweep
  . ops.ping
  . pending_actions.commit_due
  . status.reevaluate_time_based
  . webhooks.retry_due
  . workflows.run_due
  . workflows.run_workflow
  . workflows.wake_serialized

[2026-09-21 21:53:12,423: INFO/MainProcess] Connected to redis://localhost:6379/11
[2026-09-21 21:53:12,454: INFO/MainProcess] mingle: searching for neighbors
[2026-09-21 21:53:13,461: INFO/MainProcess] mingle: all alone
[2026-09-21 21:53:13,469: INFO/MainProcess] wf_s41@Tehs-Mac-mini.local ready.
[2026-09-21 22:42:20,177: INFO/MainProcess] Task ops.ping[7d97982b-d2aa-4c16-a824-651aae0582b4] received
[2026-09-21 22:42:20,400: INFO/ForkPoolWorker-1] Task ops.ping[7d97982b-d2aa-4c16-a824-651aae0582b4] succeeded in 0.13613695799995185s: {'queue': 'workflow'}
[2026-09-21 22:43:20,069: INFO/MainProcess] Task ops.ping[b1a18d56-2b72-41d2-8f3a-02fd7464bb56] received
[2026-09-21 22:43:20,077: INFO/ForkPoolWorker-1] Task ops.ping[b1a18d56-2b72-41d2-8f3a-02fd7464bb56] succeeded in 0.005478291999679641s: {'queue': 'workflow'}

worker: Warm shutdown (MainProcess)
